// Vitest Snapshot v1, https://vitest.dev/guide/snapshot.html

exports[`Maya prompt framework freeze > compiles the frozen photo prompt 1`] = `
"[input:selfie]
Create an ultra-realistic editorial brand photograph of the same woman.
Use the attached reference photo as the only source for her face and identity. Preserve her facial structure, face shape, skin tone, natural skin texture, body proportions, age, hair color, and overall look from the reference. The reference defines the person; this prompt defines only the styling, outfit, location, pose, mood, and editorial look. Keep the result realistic, editorial, sharp, and clearly recognizable as the same woman. Her skin tone stays hers, but render it under THIS scene's light - picking up its color cast, direction, and shadow falloff exactly as a camera would see her standing there, never lit separately from the background.
Scene: north-facing London apartment, marble console, soft morning haze.
Outfit: The Row cream cashmere turtleneck, tailored charcoal trousers.
Hair: keep her natural hair color and texture from the reference photo.
Use the phone as the main accessory when it fits the scene. Do not over-accessorize, simple is better. Only include brand logos or branded items when specified and naturally fitting; never add random logos or extra branded items.
Pose: seated at the edge of a linen sofa, looking off-camera.
Composition: shot on Hasselblad X2D 100C, 55mm f/2.5, fill the frame edge to edge with the final photo, no border, mockup, phone screen, or app UI.
Mood: calm, assured, caught mid-thought.
Color grading: refined neutral editorial palette, true-to-life skin, soft natural contrast, gentle film grain, no heavy filter.
SSELFIE visual identity: premium editorial, feminine but grown-up, clean, elevated, cinematic, modern, luxury personal brand, realistic, Instagram-safe, and never childish or generic. Keep the person recognizable from the uploaded reference photos, with natural skin texture, accurate age, accurate proportions, and believable editorial styling. The image should feel like a real on-location shoot from the SSELFIE Vault, not studio stock.
Lighting: soft north-facing window light, gentle falloff.
Lighting and integration: light the person with the scene's own light, matching the location's light direction, color temperature, intensity, and ambient color bounce. Match the background's exposure, contrast, and color grade so the subject is color-matched to the environment, with natural contact shadows and reflected light from the setting. Use only light sources that plausibly exist in this location: sun, sky, and weather outdoors; windows, doorways, and practical lamps indoors. Never introduce studio lighting, softbox glow, rim light, or flash into a scene that would not naturally contain them. The person must look genuinely photographed inside this location, fully integrated into it, never brightly studio-lit on top of the background, never a cut-out or composite pasted into the scene.
Shoot this like a real photographer working the location in real time: light comes ONLY from sources that actually exist in the scene - sun, sky, and weather outdoors; windows, doorways, and practical lamps indoors. Never add studio lighting, softbox glow, rim light, or flash to a place that would not naturally contain them. Anchor her physically in the space: real contact shadows under feet and hands, soft ambient occlusion where her body meets surfaces, reflected color from nearby walls and objects on her skin and clothes. Let the frame breathe like a real capture: a caught in-between moment, natural imperfect posture, fabric and hair responding to movement and air, a believable handheld angle, fine film grain, and honest shadows where the scene makes them.
Identity references define WHO she is - her face, skin, natural age, hair color and texture - never what she wears or where she stands. Do not copy the identity photos' clothing, background, pose, framing, camera angle, or expression into the result. Restyle her fully for THIS shot's brief: its outfit, its setting, its pose, its light - while she stays unmistakably the same woman, photographed fresh, never lifted from her reference photo.
Make this a candid, caught-in-the-moment editorial photograph, like a real on-location shoot: natural movement and a relaxed, unposed moment (walking, sitting, reaching for a coffee, glancing away), never a stiff studio pose or a forced smile straight at the camera. Flattering light, refined healthy skin, tasteful natural makeup, great hair, elegant on-brand styling. Frame her at her best while keeping her clearly recognizable as the same person.
natural skin texture with pores visible, fine film grain, muted colors, candid editorial feel, not plastic, not over-smoothed.
Image quality: vertical portrait filling the full frame, 2K quality, crisp editorial sharpness, realistic depth and detail, no blur, no low-resolution softness, no compression haze.
Avoid: distorted hands, extra fingers, warped phone, warped sunglasses, warped shoes, unrealistic body proportions, plastic skin, over-smoothed beauty filter, heavy glam makeup, cartoonish AI style, CGI, fantasy lighting, messy anatomy, blur, low-resolution softness, compression haze, overly staged stock-photo look, cluttered props, random logos, fake-looking brand marks, studio lighting or softbox glow in outdoor or naturally lit scenes, a subject lit differently from her background, missing contact shadows, pasted-in composite look, HDR over-processing."
`;

exports[`Maya prompt framework freeze > compiles the frozen photoshoot prompt (hero role) 1`] = `
"[input:selfie]
Create an ultra-realistic editorial brand photograph of the same woman.
Use the attached reference photo as the only source for her face and identity. Preserve her facial structure, face shape, skin tone, natural skin texture, body proportions, age, hair color, and overall look from the reference. The reference defines the person; this prompt defines only the styling, outfit, location, pose, mood, and editorial look. Keep the result realistic, editorial, sharp, and clearly recognizable as the same woman. Her skin tone stays hers, but render it under THIS scene's light - picking up its color cast, direction, and shadow falloff exactly as a camera would see her standing there, never lit separately from the background.
Scene: north-facing London apartment, marble console, soft morning haze.
Outfit: The Row cream cashmere turtleneck, tailored charcoal trousers.
Hair: keep her natural hair color and texture from the reference photo.
Use the phone as the main accessory when it fits the scene. Do not over-accessorize, simple is better. Only include brand logos or branded items when specified and naturally fitting; never add random logos or extra branded items.
Shot role: seated hero. A strong seated or leaning hero frame with face clear, outfit visible, and calm confident posture.
Pose: seated at the edge of a linen sofa, looking off-camera.
Composition: shot on Hasselblad X2D 100C, 55mm f/2.5, fill the frame edge to edge with the final photo, no border, mockup, phone screen, or app UI.
Mood: calm, assured, caught mid-thought.
Color grading: refined neutral editorial palette, true-to-life skin, soft natural contrast, gentle film grain, no heavy filter.
SSELFIE visual identity: premium editorial, feminine but grown-up, clean, elevated, cinematic, modern, luxury personal brand, realistic, Instagram-safe, and never childish or generic. Keep the person recognizable from the uploaded reference photos, with natural skin texture, accurate age, accurate proportions, and believable editorial styling. The image should feel like a real on-location shoot from the SSELFIE Vault, not studio stock.
Lighting: soft north-facing window light, gentle falloff.
Lighting and integration: light the person with the scene's own light, matching the location's light direction, color temperature, intensity, and ambient color bounce. Match the background's exposure, contrast, and color grade so the subject is color-matched to the environment, with natural contact shadows and reflected light from the setting. Use only light sources that plausibly exist in this location: sun, sky, and weather outdoors; windows, doorways, and practical lamps indoors. Never introduce studio lighting, softbox glow, rim light, or flash into a scene that would not naturally contain them. The person must look genuinely photographed inside this location, fully integrated into it, never brightly studio-lit on top of the background, never a cut-out or composite pasted into the scene.
Shoot this like a real photographer working the location in real time: light comes ONLY from sources that actually exist in the scene - sun, sky, and weather outdoors; windows, doorways, and practical lamps indoors. Never add studio lighting, softbox glow, rim light, or flash to a place that would not naturally contain them. Anchor her physically in the space: real contact shadows under feet and hands, soft ambient occlusion where her body meets surfaces, reflected color from nearby walls and objects on her skin and clothes. Let the frame breathe like a real capture: a caught in-between moment, natural imperfect posture, fabric and hair responding to movement and air, a believable handheld angle, fine film grain, and honest shadows where the scene makes them.
Identity references define WHO she is - her face, skin, natural age, hair color and texture - never what she wears or where she stands. Do not copy the identity photos' clothing, background, pose, framing, camera angle, or expression into the result. Restyle her fully for THIS shot's brief: its outfit, its setting, its pose, its light - while she stays unmistakably the same woman, photographed fresh, never lifted from her reference photo.
Make this a candid, caught-in-the-moment editorial photograph, like a real on-location shoot: natural movement and a relaxed, unposed moment (walking, sitting, reaching for a coffee, glancing away), never a stiff studio pose or a forced smile straight at the camera. Flattering light, refined healthy skin, tasteful natural makeup, great hair, elegant on-brand styling. Frame her at her best while keeping her clearly recognizable as the same person.
natural skin texture with pores visible, fine film grain, muted colors, candid editorial feel, not plastic, not over-smoothed.
Image quality: vertical portrait filling the full frame, 2K quality, crisp editorial sharpness, realistic depth and detail, no blur, no low-resolution softness, no compression haze.
Avoid: distorted hands, extra fingers, warped phone, warped sunglasses, warped shoes, unrealistic body proportions, plastic skin, over-smoothed beauty filter, heavy glam makeup, cartoonish AI style, CGI, fantasy lighting, messy anatomy, blur, low-resolution softness, compression haze, overly staged stock-photo look, cluttered props, random logos, fake-looking brand marks, studio lighting or softbox glow in outdoor or naturally lit scenes, a subject lit differently from her background, missing contact shadows, pasted-in composite look, HDR over-processing."
`;

exports[`Maya prompt framework freeze > keeps the shared visual-rule blocks frozen 1`] = `"Premium SSELFIE editorial slide: calm, spacious, high-end magazine feel. SSELFIE visual identity: premium editorial, feminine but grown-up, clean, elevated, cinematic, modern, luxury personal brand, realistic, Instagram-safe, and never childish or generic. Use a restrained neutral palette only: black, white, charcoal, cream, warm gray, soft taupe, stone, and gentle skin-true neutrals. Strong hierarchy, one clear headline, clean supporting type, elegant serif display type paired with a clean sans-serif. Generous negative space, refined spacing, polished mobile-first composition, text integrated into the image instead of pasted on top. No red accent palette, crimson callouts, maroon details, farmhouse mood, country-lodge styling, Canva template look, clip-art, emojis, gradients, clutter, white lesson-card layout, or generic AI poster styling."`;

exports[`Maya prompt framework freeze > keeps the shared visual-rule blocks frozen 2`] = `
"TASK TYPE: IMAGE RECONSTRUCTION.
The inspiration image is the visual blueprint, not a loose mood board and not a prose suggestion.
Recreate the exact visual relationships from the inspiration image: crop, composition, framing, camera distance, lens perspective, subject scale, pose geometry, expression energy, wardrobe/props that are visibly present, lighting direction, shadow shape, shadow position, shadow intensity, shadow edge softness, background tone, brightness gradient, depth, texture, color grade, and mood.
Only replace the person with the identity from the uploaded identity reference images.
Use the uploaded identity reference images as the ONLY source of facial identity.
Identity Priority: 100%. Preserve the person's facial structure, eye shape, brow shape, nose shape, jawline, lips, cheekbones, skin texture, pores, age markers, natural age, body proportions, hair color, and recognizable identity.
The inspiration image contributes 0% facial information. Do not inherit eyes, lips, nose, jawline, cheeks, age, skin, hair color, body, or facial proportions from the inspiration image. If the inspiration image and identity references conflict, always choose the identity references for the person.
Use the inspiration image ONLY for:
- pose
- composition
- wardrobe energy and visible props
- lighting direction and shadow pattern
- mood
- framing, crop, subject scale, camera distance, and lens feel
- editorial styling
If any written prompt conflicts with the inspiration image, the inspiration image wins for pose, composition, framing, lighting, shadow pattern, visible props, wardrobe silhouette, background, crop, and camera distance. Do not invent a prop, hat, object, scene, or studio setup just to explain a shadow or texture.
Recreate the inspiration image composition as closely as possible while keeping the real identity fully intact. The final image should look as if the same person from the identity references was photographed inside the inspiration image's outfit family, pose, lighting, framing, and location. A person who knows the subject should immediately recognize them."
`;

exports[`Maya prompt framework freeze > keeps the shared visual-rule blocks frozen 3`] = `
"TASK TYPE: STYLE-WORLD VARIATION.
Use the inspiration image as the visual world for this set, not as a loose vibe board.
Poses and angles may vary by shot or slide role, but the result must stay in the same visual world: wardrobe energy, visible prop logic, material texture, lighting direction, shadow language, color grade, mood, background simplicity, lens feel, and editorial styling.
Camera distance and crop MUST vary to match each shot's role: a wide establishing/full-body shot, a medium seated or lifestyle shot, and a close portrait should read as genuinely different distances and framings from each other and from the inspiration image, not near-duplicate crops. Only wardrobe, lighting, color grade, mood, and location stay anchored to the inspiration image's world.
Do not restyle the set into a generic new scene, generic studio setup, unrelated outfit shoot, or broad interpretation of the prompt.
The inspiration image contributes 0% facial information. The uploaded identity reference images are the only source for face, age, body proportions, skin texture, hair color, and recognizable identity. Do not copy or blend the inspiration person's face.
If any written prompt conflicts with the inspiration image, keep the inspiration image's visual world (wardrobe, lighting, color grade, mood, location), but shot-role camera distance and crop win over the inspiration image's specific framing. Ignore invented props or scene details that are not visible in the inspiration image unless the user explicitly requested that change."
`;
